opus_interface.c:88:10:ENC_Opus_getMemorySize	0	static
opus_interface.c:100:10:DEC_Opus_getMemorySize	0	static
opus_interface.c:113:13:ENC_Opus_Init	24	static
opus_interface.c:154:6:ENC_Opus_Deinit	8	static
opus_interface.c:167:9:ENC_Opus_IsConfigured	0	static
opus_interface.c:178:13:DEC_Opus_Init	16	static
opus_interface.c:201:6:DEC_Opus_Deinit	8	static
opus_interface.c:214:9:DEC_Opus_IsConfigured	0	static
opus_interface.c:225:13:ENC_Opus_Set_Bitrate	8	static
opus_interface.c:242:13:ENC_Opus_Set_CBR	8	static
opus_interface.c:259:13:ENC_Opus_Set_VBR	8	static
opus_interface.c:277:13:ENC_Opus_Set_Complexity	8	static
opus_interface.c:294:13:ENC_Opus_Force_SILKmode	8	static
opus_interface.c:310:13:ENC_Opus_Force_CELTmode	8	static
opus_interface.c:327:5:ENC_Opus_Encode	16	static
opus_interface.c:339:5:DEC_Opus_Decode	24	static
