bands.c:388:13:intensity_stereo.isra.2	32	static
bands.c:944:17:quant_partition	112	static
bands.c:1110:17:quant_band	152	dynamic
bands.c:1236:17:quant_band_stereo	104	static,ignoring_inline_asm
bands.c:46:5:hysteresis_decision	16	static
bands.c:61:13:celt_lcg_rand	0	static
bands.c:68:12:bitexact_cos	8	static
bands.c:80:5:bitexact_log2tan	16	static
bands.c:95:6:compute_band_energies	72	static
bands.c:137:6:normalise_bands	64	static
bands.c:196:6:denormalise_bands	48	static
bands.c:268:6:anti_collapse	96	static,ignoring_inline_asm
bands.c:479:5:spreading_decision	88	static
bands.c:632:6:haar1	28	static
bands.c:1397:6:quant_all_bands	1896	dynamic,ignoring_inline_asm
